akama@nixos ~/Documents/zk-ban/bench develop @ cat README.md
# Benchmark

### How to work
#### Latency

```sh
go run ./latency/baseline
go run ./latency/scale
go run ./latency/compare

# if want to use go test
# go test --bench ^BenchmarkBaselineRun$ . -timeout 0 -benchtime 5x
# go test --bench ^BenchmarkScalabilityRun$$ . -timeout 0 -benchtime 5x
```

#### Storage

```
go run ./storage/baseline
go run ./storage/scale
```
akama@nixos ~/Documents/zk-ban/bench develop @ go run ./latency/baseline; alert 'done'
12:28:50 INF compiling circuit
12:28:50 INF parsed circuit inputs nbPublic=2 nbSecret=1
12:28:50 INF building constraint builder nbConstraints=373
12:28:50 INF compiling circuit
12:28:50 INF parsed circuit inputs nbPublic=6 nbSecret=6
12:28:50 INF building constraint builder nbConstraints=8381
12:28:50 INF compiling circuit
12:28:50 INF parsed circuit inputs nbPublic=6 nbSecret=4
12:28:50 INF building constraint builder nbConstraints=7422
Now measure latency of baseline--request-join...
12:28:50 DBG constraint system solver done nbConstraints=373 took=0.467004
12:28:50 DBG prover done acceleration=none backend=groth16 curve=bls12_381 nbConstraints=373 took=4.720979
12:28:50 DBG constraint system solver done nbConstraints=373 took=0.230138
12:28:50 DBG prover done acceleration=none backend=groth16 curve=bls12_381 nbConstraints=373 took=3.99727
12:28:50 DBG constraint system solver done nbConstraints=373 took=0.537643
12:28:50 DBG prover done acceleration=none backend=groth16 curve=bls12_381 nbConstraints=373 took=5.333668
12:28:50 DBG constraint system solver done nbConstraints=373 took=0.816387
12:28:50 DBG prover done acceleration=none backend=groth16 curve=bls12_381 nbConstraints=373 took=6.500873
12:28:50 DBG constraint system solver done nbConstraints=373 took=0.37613
12:28:50 DBG prover done acceleration=none backend=groth16 curve=bls12_381 nbConstraints=373 took=6.788318
12:28:50 DBG constraint system solver done nbConstraints=373 took=0.452989
12:28:50 DBG prover done acceleration=none backend=groth16 curve=bls12_381 nbConstraints=373 took=7.108894
12:28:50 DBG constraint system solver done nbConstraints=373 took=0.37839
12:28:50 DBG prover done acceleration=none backend=groth16 curve=bls12_381 nbConstraints=373 took=5.841229
12:28:50 DBG constraint system solver done nbConstraints=373 took=0.580511
12:28:50 DBG prover done acceleration=none backend=groth16 curve=bls12_381 nbConstraints=373 took=7.862322
12:28:50 DBG constraint system solver done nbConstraints=373 took=0.522769
12:28:50 DBG prover done acceleration=none backend=groth16 curve=bls12_381 nbConstraints=373 took=7.724413
12:28:50 DBG constraint system solver done nbConstraints=373 took=0.445478
12:28:50 DBG prover done acceleration=none backend=groth16 curve=bls12_381 nbConstraints=373 took=8.272059
12:28:50 DBG constraint system solver done nbConstraints=373 took=0.32337
12:28:50 DBG prover done acceleration=none backend=groth16 curve=bls12_381 nbConstraints=373 took=8.723332
12:28:50 DBG constraint system solver done nbConstraints=373 took=0.310283
12:28:50 DBG prover done acceleration=none backend=groth16 curve=bls12_381 nbConstraints=373 took=7.58337
12:28:50 DBG constraint system solver done nbConstraints=373 took=0.813866
12:28:50 DBG prover done acceleration=none backend=groth16 curve=bls12_381 nbConstraints=373 took=8.216905
12:28:50 DBG constraint system solver done nbConstraints=373 took=0.420446
12:28:50 DBG prover done acceleration=none backend=groth16 curve=bls12_381 nbConstraints=373 took=8.326679
12:28:50 DBG constraint system solver done nbConstraints=373 took=0.368075
12:28:50 DBG prover done acceleration=none backend=groth16 curve=bls12_381 nbConstraints=373 took=7.487485
12:28:50 DBG constraint system solver done nbConstraints=373 took=0.280861
12:28:50 DBG prover done acceleration=none backend=groth16 curve=bls12_381 nbConstraints=373 took=9.168284
12:28:50 DBG constraint system solver done nbConstraints=373 took=0.665069
12:28:50 DBG prover done acceleration=none backend=groth16 curve=bls12_381 nbConstraints=373 took=9.338971
12:28:50 DBG constraint system solver done nbConstraints=373 took=0.795812
12:28:50 DBG prover done acceleration=none backend=groth16 curve=bls12_381 nbConstraints=373 took=7.769715
12:28:50 DBG constraint system solver done nbConstraints=373 took=0.395708
12:28:50 DBG prover done acceleration=none backend=groth16 curve=bls12_381 nbConstraints=373 took=9.864273
12:28:50 DBG constraint system solver done nbConstraints=373 took=0.928476
12:28:51 DBG prover done acceleration=none backend=groth16 curve=bls12_381 nbConstraints=373 took=9.560392
baseline--request-join takes 8260200 ns
{"baseline":{"request-join":8260200},"env":{"baseNymNum":30000,"basePeriodNum":30,"count":20,"end":1776310131005467299}}

12:28:51 DBG constraint system solver done nbConstraints=373 took=0.410014
12:28:51 DBG prover done acceleration=none backend=groth16 curve=bls12_381 nbConstraints=373 took=10.726993
Now measure latency of baseline--verify-joinreq...
12:28:51 DBG verifier done backend=groth16 curve=bls12_381 took=3.081663
12:28:51 DBG verifier done backend=groth16 curve=bls12_381 took=2.309553
12:28:51 DBG verifier done backend=groth16 curve=bls12_381 took=3.071494
12:28:51 DBG verifier done backend=groth16 curve=bls12_381 took=3.801464
12:28:51 DBG verifier done backend=groth16 curve=bls12_381 took=2.440765
12:28:51 DBG verifier done backend=groth16 curve=bls12_381 took=2.928367
12:28:51 DBG verifier done backend=groth16 curve=bls12_381 took=3.736086
12:28:51 DBG verifier done backend=groth16 curve=bls12_381 took=3.800189
12:28:51 DBG verifier done backend=groth16 curve=bls12_381 took=3.861663
12:28:51 DBG verifier done backend=groth16 curve=bls12_381 took=4.399766
12:28:51 DBG verifier done backend=groth16 curve=bls12_381 took=4.368808
12:28:51 DBG verifier done backend=groth16 curve=bls12_381 took=4.391534
12:28:51 DBG verifier done backend=groth16 curve=bls12_381 took=2.860124
12:28:51 DBG verifier done backend=groth16 curve=bls12_381 took=4.340912
12:28:51 DBG verifier done backend=groth16 curve=bls12_381 took=3.494562
12:28:51 DBG verifier done backend=groth16 curve=bls12_381 took=2.607122
12:28:51 DBG verifier done backend=groth16 curve=bls12_381 took=4.328897
12:28:51 DBG verifier done backend=groth16 curve=bls12_381 took=3.394718
12:28:51 DBG verifier done backend=groth16 curve=bls12_381 took=2.444468
12:28:51 DBG verifier done backend=groth16 curve=bls12_381 took=2.42866
baseline--verify-joinreq takes 3553697 ns
{"baseline":{"request-join":8260200,"verify-joinreq":3553697},"env":{"baseNymNum":30000,"basePeriodNum":30,"count":20,"end":1776310131113016980}}

Now measure latency of baseline--issue-credential...
baseline--issue-credential takes 327344 ns
{"baseline":{"issue-credential":327344,"request-join":8260200,"verify-joinreq":3553697},"env":{"baseNymNum":30000,"basePeriodNum":30,"count":20,"end":1776310131140095246}}

Now measure latency of baseline--sign...
12:28:51 DBG constraint system solver done nbConstraints=8381 took=13.481421
12:28:51 DBG prover done acceleration=none backend=groth16 curve=bls12_381 nbConstraints=8381 took=72.631737
12:28:51 DBG constraint system solver done nbConstraints=8381 took=4.456075
12:28:51 DBG prover done acceleration=none backend=groth16 curve=bls12_381 nbConstraints=8381 took=54.06781
12:28:51 DBG constraint system solver done nbConstraints=8381 took=4.182365
12:28:51 DBG prover done acceleration=none backend=groth16 curve=bls12_381 nbConstraints=8381 took=49.464567
12:28:51 DBG constraint system solver done nbConstraints=8381 took=5.811397
12:28:51 DBG prover done acceleration=none backend=groth16 curve=bls12_381 nbConstraints=8381 took=44.368703
12:28:51 DBG constraint system solver done nbConstraints=8381 took=5.439006
12:28:51 DBG prover done acceleration=none backend=groth16 curve=bls12_381 nbConstraints=8381 took=56.98543
12:28:51 DBG constraint system solver done nbConstraints=8381 took=5.614986
12:28:51 DBG prover done acceleration=none backend=groth16 curve=bls12_381 nbConstraints=8381 took=45.255262
12:28:51 DBG constraint system solver done nbConstraints=8381 took=4.256876
12:28:51 DBG prover done acceleration=none backend=groth16 curve=bls12_381 nbConstraints=8381 took=49.204982
12:28:51 DBG constraint system solver done nbConstraints=8381 took=5.766792
12:28:51 DBG prover done acceleration=none backend=groth16 curve=bls12_381 nbConstraints=8381 took=44.644336
12:28:51 DBG constraint system solver done nbConstraints=8381 took=4.661089
12:28:51 DBG prover done acceleration=none backend=groth16 curve=bls12_381 nbConstraints=8381 took=45.140386
12:28:51 DBG constraint system solver done nbConstraints=8381 took=4.406123
12:28:51 DBG prover done acceleration=none backend=groth16 curve=bls12_381 nbConstraints=8381 took=52.390683
12:28:51 DBG constraint system solver done nbConstraints=8381 took=4.317797
12:28:51 DBG prover done acceleration=none backend=groth16 curve=bls12_381 nbConstraints=8381 took=41.58943
12:28:51 DBG constraint system solver done nbConstraints=8381 took=5.66626
12:28:51 DBG prover done acceleration=none backend=groth16 curve=bls12_381 nbConstraints=8381 took=52.713686
12:28:51 DBG constraint system solver done nbConstraints=8381 took=4.469135
12:28:51 DBG prover done acceleration=none backend=groth16 curve=bls12_381 nbConstraints=8381 took=40.616399
12:28:51 DBG constraint system solver done nbConstraints=8381 took=5.613315
12:28:51 DBG prover done acceleration=none backend=groth16 curve=bls12_381 nbConstraints=8381 took=49.446315
12:28:51 DBG constraint system solver done nbConstraints=8381 took=4.858318
12:28:51 DBG prover done acceleration=none backend=groth16 curve=bls12_381 nbConstraints=8381 took=47.821017
12:28:51 DBG constraint system solver done nbConstraints=8381 took=5.390006
12:28:52 DBG prover done acceleration=none backend=groth16 curve=bls12_381 nbConstraints=8381 took=48.118746
12:28:52 DBG constraint system solver done nbConstraints=8381 took=6.114233
12:28:52 DBG prover done acceleration=none backend=groth16 curve=bls12_381 nbConstraints=8381 took=53.658795
12:28:52 DBG constraint system solver done nbConstraints=8381 took=5.848398
12:28:52 DBG prover done acceleration=none backend=groth16 curve=bls12_381 nbConstraints=8381 took=39.537084
12:28:52 DBG constraint system solver done nbConstraints=8381 took=5.765959
12:28:52 DBG prover done acceleration=none backend=groth16 curve=bls12_381 nbConstraints=8381 took=49.413017
12:28:52 DBG constraint system solver done nbConstraints=8381 took=5.367468
12:28:52 DBG prover done acceleration=none backend=groth16 curve=bls12_381 nbConstraints=8381 took=48.677811
baseline--sign takes 55161315 ns
{"baseline":{"issue-credential":327344,"request-join":8260200,"sign":55161315,"verify-joinreq":3553697},"env":{"baseNymNum":30000,"basePeriodNum":30,"count":20,"end":1776310132259666039}}

12:28:52 DBG constraint system solver done nbConstraints=8381 took=5.69887
12:28:52 DBG prover done acceleration=none backend=groth16 curve=bls12_381 nbConstraints=8381 took=39.099545
Now measure latency of baseline--verify...
baseline--verify takes 2009489 ns
{"baseline":{"issue-credential":327344,"request-join":8260200,"sign":55161315,"verify":2009489,"verify-joinreq":3553697},"env":{"baseNymNum":30000,"basePeriodNum":30,"count":20,"end":1776310132358631340}}

search key at ./update_verifier-baseline-uniform.meta.json
compile
12:28:52 INF compiling circuit
12:28:52 INF parsed circuit inputs nbPublic=30036 nbSecret=4
12:28:53 INF building constraint builder nbConstraints=222972
Now measure latency of baseline--update-load-prove-uniform...
baseline--update-load-prove-uniform takes 70385899 ns
{"baseline":{"issue-credential":327344,"request-join":8260200,"sign":55161315,"update-load-prove-uniform":70385899,"verify":2009489,"verify-joinreq":3553697},"env":{"baseNymNum":30000,"basePeriodNum":30,"count":20
,"end":1776310139567928314}}

Now measure latency of baseline--update-load-verify-uniform...
baseline--update-load-verify-uniform takes 7965951 ns
{"baseline":{"issue-credential":327344,"request-join":8260200,"sign":55161315,"update-load-prove-uniform":70385899,"update-load-verify-uniform":7965951,"verify":2009489,"verify-joinreq":3553697},"env":{"baseNymNum
":30000,"basePeriodNum":30,"count":20,"end":1776310139773841266}}

Now measure latency of baseline--update-req-uniform...
12:28:59 DBG constraint system solver done nbConstraints=222972 took=87.326326
12:29:00 DBG prover done acceleration=none backend=groth16 curve=bls12_381 nbConstraints=222972 took=473.7475
12:29:00 DBG constraint system solver done nbConstraints=222972 took=60.051891
12:29:00 DBG prover done acceleration=none backend=groth16 curve=bls12_381 nbConstraints=222972 took=470.126262
12:29:00 DBG constraint system solver done nbConstraints=222972 took=42.38509
12:29:01 DBG prover done acceleration=none backend=groth16 curve=bls12_381 nbConstraints=222972 took=466.563338
12:29:01 DBG constraint system solver done nbConstraints=222972 took=53.004255
12:29:01 DBG prover done acceleration=none backend=groth16 curve=bls12_381 nbConstraints=222972 took=452.011319
12:29:01 DBG constraint system solver done nbConstraints=222972 took=43.691843
12:29:02 DBG prover done acceleration=none backend=groth16 curve=bls12_381 nbConstraints=222972 took=464.415986
12:29:02 DBG constraint system solver done nbConstraints=222972 took=46.575268
12:29:02 DBG prover done acceleration=none backend=groth16 curve=bls12_381 nbConstraints=222972 took=483.55512
12:29:03 DBG constraint system solver done nbConstraints=222972 took=42.639386
12:29:03 DBG prover done acceleration=none backend=groth16 curve=bls12_381 nbConstraints=222972 took=472.359111
12:29:03 DBG constraint system solver done nbConstraints=222972 took=44.348072
12:29:04 DBG prover done acceleration=none backend=groth16 curve=bls12_381 nbConstraints=222972 took=473.678005
12:29:04 DBG constraint system solver done nbConstraints=222972 took=42.334793
12:29:04 DBG prover done acceleration=none backend=groth16 curve=bls12_381 nbConstraints=222972 took=454.063722
12:29:04 DBG constraint system solver done nbConstraints=222972 took=54.727245
12:29:05 DBG prover done acceleration=none backend=groth16 curve=bls12_381 nbConstraints=222972 took=464.29098
12:29:05 DBG constraint system solver done nbConstraints=222972 took=44.982018
12:29:05 DBG prover done acceleration=none backend=groth16 curve=bls12_381 nbConstraints=222972 took=453.790038
12:29:05 DBG constraint system solver done nbConstraints=222972 took=49.93674
12:29:06 DBG prover done acceleration=none backend=groth16 curve=bls12_381 nbConstraints=222972 took=486.872806
12:29:06 DBG constraint system solver done nbConstraints=222972 took=59.019513
12:29:06 DBG prover done acceleration=none backend=groth16 curve=bls12_381 nbConstraints=222972 took=474.889878
12:29:06 DBG constraint system solver done nbConstraints=222972 took=46.066337
12:29:07 DBG prover done acceleration=none backend=groth16 curve=bls12_381 nbConstraints=222972 took=462.745071
12:29:07 DBG constraint system solver done nbConstraints=222972 took=52.995733
12:29:07 DBG prover done acceleration=none backend=groth16 curve=bls12_381 nbConstraints=222972 took=473.583225
12:29:07 DBG constraint system solver done nbConstraints=222972 took=55.281676
12:29:08 DBG prover done acceleration=none backend=groth16 curve=bls12_381 nbConstraints=222972 took=493.586904
12:29:08 DBG constraint system solver done nbConstraints=222972 took=49.049429
12:29:08 DBG prover done acceleration=none backend=groth16 curve=bls12_381 nbConstraints=222972 took=442.377907
12:29:08 DBG constraint system solver done nbConstraints=222972 took=46.615434
12:29:09 DBG prover done acceleration=none backend=groth16 curve=bls12_381 nbConstraints=222972 took=459.775017
12:29:09 DBG constraint system solver done nbConstraints=222972 took=44.318414
12:29:09 DBG prover done acceleration=none backend=groth16 curve=bls12_381 nbConstraints=222972 took=482.61776
12:29:09 DBG constraint system solver done nbConstraints=222972 took=41.701177
12:29:10 DBG prover done acceleration=none backend=groth16 curve=bls12_381 nbConstraints=222972 took=447.326011
baseline--update-req-uniform takes 527517810 ns
{"baseline":{"issue-credential":327344,"request-join":8260200,"sign":55161315,"update-load-prove-uniform":70385899,"update-load-verify-uniform":7965951,"update-req-uniform":527517810,"verify":2009489,"verify-joinr
eq":3553697},"env":{"baseNymNum":30000,"basePeriodNum":30,"count":20,"end":1776310150360282178}}

12:29:10 DBG constraint system solver done nbConstraints=222972 took=60.041916
12:29:10 DBG prover done acceleration=none backend=groth16 curve=bls12_381 nbConstraints=222972 took=449.58874
Now measure latency of baseline--update-precomputes-uniform...
baseline--update-precomputes-uniform takes 50736229 ns
{"baseline":{"issue-credential":327344,"request-join":8260200,"sign":55161315,"update-load-prove-uniform":70385899,"update-load-verify-uniform":7965951,"update-precomputes-uniform":50736229,"update-req-uniform":52
7517810,"verify":2009489,"verify-joinreq":3553697},"env":{"baseNymNum":30000,"basePeriodNum":30,"count":20,"end":1776310151915810055}}

Now measure latency of baseline--update-verify-uniform...
baseline--update-verify-uniform takes 2250865 ns
{"baseline":{"issue-credential":327344,"request-join":8260200,"sign":55161315,"update-load-prove-uniform":70385899,"update-load-verify-uniform":7965951,"update-precomputes-uniform":50736229,"update-req-uniform":52
7517810,"update-verify-uniform":2250865,"verify":2009489,"verify-joinreq":3553697},"env":{"baseNymNum":30000,"basePeriodNum":30,"count":20,"end":1776310152031907082}}

search key at ./update_verifier-baseline-proportional.meta.json
compile
12:29:12 INF compiling circuit
12:29:12 INF parsed circuit inputs nbPublic=30036 nbSecret=4
12:29:12 INF building constraint builder nbConstraints=222972
Now measure latency of baseline--update-load-prove-proportional...
baseline--update-load-prove-proportional takes 72985879 ns
{"baseline":{"issue-credential":327344,"request-join":8260200,"sign":55161315,"update-load-prove-proportional":72985879,"update-load-prove-uniform":70385899,"update-load-verify-uniform":7965951,"update-precomputes
-uniform":50736229,"update-req-uniform":527517810,"update-verify-uniform":2250865,"verify":2009489,"verify-joinreq":3553697},"env":{"baseNymNum":30000,"basePeriodNum":30,"count":20,"end":1776310159311283949}}

Now measure latency of baseline--update-load-verify-proportional...
baseline--update-load-verify-proportional takes 6153431 ns
{"baseline":{"issue-credential":327344,"request-join":8260200,"sign":55161315,"update-load-prove-proportional":72985879,"update-load-prove-uniform":70385899,"update-load-verify-proportional":6153431,"update-load-v
erify-uniform":7965951,"update-precomputes-uniform":50736229,"update-req-uniform":527517810,"update-verify-uniform":2250865,"verify":2009489,"verify-joinreq":3553697},"env":{"baseNymNum":30000,"basePeriodNum":30,"
count":20,"end":1776310159472498308}}

Now measure latency of baseline--update-req-proportional...
12:29:19 DBG constraint system solver done nbConstraints=222972 took=81.701791
12:29:20 DBG prover done acceleration=none backend=groth16 curve=bls12_381 nbConstraints=222972 took=471.924856
12:29:20 DBG constraint system solver done nbConstraints=222972 took=46.39766
12:29:20 DBG prover done acceleration=none backend=groth16 curve=bls12_381 nbConstraints=222972 took=493.256421
12:29:20 DBG constraint system solver done nbConstraints=222972 took=44.800399
12:29:21 DBG prover done acceleration=none backend=groth16 curve=bls12_381 nbConstraints=222972 took=477.356587
12:29:21 DBG constraint system solver done nbConstraints=222972 took=42.897281
12:29:21 DBG prover done acceleration=none backend=groth16 curve=bls12_381 nbConstraints=222972 took=493.991813
12:29:21 DBG constraint system solver done nbConstraints=222972 took=45.343357
12:29:22 DBG prover done acceleration=none backend=groth16 curve=bls12_381 nbConstraints=222972 took=483.374368
12:29:22 DBG constraint system solver done nbConstraints=222972 took=43.634543
12:29:22 DBG prover done acceleration=none backend=groth16 curve=bls12_381 nbConstraints=222972 took=473.198179
12:29:22 DBG constraint system solver done nbConstraints=222972 took=50.368361
12:29:23 DBG prover done acceleration=none backend=groth16 curve=bls12_381 nbConstraints=222972 took=480.104529
12:29:23 DBG constraint system solver done nbConstraints=222972 took=48.451652
12:29:23 DBG prover done acceleration=none backend=groth16 curve=bls12_381 nbConstraints=222972 took=477.3062
12:29:23 DBG constraint system solver done nbConstraints=222972 took=40.234929
12:29:24 DBG prover done acceleration=none backend=groth16 curve=bls12_381 nbConstraints=222972 took=494.138999
12:29:24 DBG constraint system solver done nbConstraints=222972 took=52.931425
12:29:24 DBG prover done acceleration=none backend=groth16 curve=bls12_381 nbConstraints=222972 took=470.971063
12:29:24 DBG constraint system solver done nbConstraints=222972 took=62.013631
12:29:25 DBG prover done acceleration=none backend=groth16 curve=bls12_381 nbConstraints=222972 took=469.158532
12:29:25 DBG constraint system solver done nbConstraints=222972 took=43.386699
12:29:25 DBG prover done acceleration=none backend=groth16 curve=bls12_381 nbConstraints=222972 took=480.82329
12:29:26 DBG constraint system solver done nbConstraints=222972 took=53.620899
12:29:26 DBG prover done acceleration=none backend=groth16 curve=bls12_381 nbConstraints=222972 took=453.040811
12:29:26 DBG constraint system solver done nbConstraints=222972 took=56.797903
12:29:27 DBG prover done acceleration=none backend=groth16 curve=bls12_381 nbConstraints=222972 took=480.493012
12:29:27 DBG constraint system solver done nbConstraints=222972 took=44.820946
12:29:27 DBG prover done acceleration=none backend=groth16 curve=bls12_381 nbConstraints=222972 took=491.273926
12:29:27 DBG constraint system solver done nbConstraints=222972 took=49.543373
12:29:28 DBG prover done acceleration=none backend=groth16 curve=bls12_381 nbConstraints=222972 took=474.480582
12:29:28 DBG constraint system solver done nbConstraints=222972 took=50.811058
12:29:28 DBG prover done acceleration=none backend=groth16 curve=bls12_381 nbConstraints=222972 took=460.271154
12:29:28 DBG constraint system solver done nbConstraints=222972 took=51.245986
12:29:29 DBG prover done acceleration=none backend=groth16 curve=bls12_381 nbConstraints=222972 took=493.203488
12:29:29 DBG constraint system solver done nbConstraints=222972 took=43.225068
12:29:29 DBG prover done acceleration=none backend=groth16 curve=bls12_381 nbConstraints=222972 took=487.015975
12:29:29 DBG constraint system solver done nbConstraints=222972 took=41.213625
12:29:30 DBG prover done acceleration=none backend=groth16 curve=bls12_381 nbConstraints=222972 took=502.455728
baseline--update-req-proportional takes 539322272 ns
{"baseline":{"issue-credential":327344,"request-join":8260200,"sign":55161315,"update-load-prove-proportional":72985879,"update-load-prove-uniform":70385899,"update-load-verify-proportional":6153431,"update-load-v
erify-uniform":7965951,"update-precomputes-uniform":50736229,"update-req-proportional":539322272,"update-req-uniform":527517810,"update-verify-uniform":2250865,"verify":2009489,"verify-joinreq":3553697},"env":{"ba
seNymNum":30000,"basePeriodNum":30,"count":20,"end":1776310170297090180}}

12:29:30 DBG constraint system solver done nbConstraints=222972 took=54.163633
12:29:30 DBG prover done acceleration=none backend=groth16 curve=bls12_381 nbConstraints=222972 took=461.771962
Now measure latency of baseline--update-precomputes-proportional...
baseline--update-precomputes-proportional takes 54732668 ns
{"baseline":{"issue-credential":327344,"request-join":8260200,"sign":55161315,"update-load-prove-proportional":72985879,"update-load-prove-uniform":70385899,"update-load-verify-proportional":6153431,"update-load-v
erify-uniform":7965951,"update-precomputes-proportional":54732668,"update-precomputes-uniform":50736229,"update-req-proportional":539322272,"update-req-uniform":527517810,"update-verify-uniform":2250865,"verify":2
009489,"verify-joinreq":3553697},"env":{"baseNymNum":30000,"basePeriodNum":30,"count":20,"end":1776310171943265573}}

Now measure latency of baseline--update-verify-proportional...
baseline--update-verify-proportional takes 3151247 ns
{"baseline":{"issue-credential":327344,"request-join":8260200,"sign":55161315,"update-load-prove-proportional":72985879,"update-load-prove-uniform":70385899,"update-load-verify-proportional":6153431,"update-load-v
erify-uniform":7965951,"update-precomputes-proportional":54732668,"update-precomputes-uniform":50736229,"update-req-proportional":539322272,"update-req-uniform":527517810,"update-verify-proportional":3151247,"upda
te-verify-uniform":2250865,"verify":2009489,"verify-joinreq":3553697},"env":{"baseNymNum":30000,"basePeriodNum":30,"count":20,"end":1776310172083731219}}

search key at ./update_verifier-baseline-gaussian.meta.json
compile
12:29:32 INF compiling circuit
12:29:32 INF parsed circuit inputs nbPublic=30036 nbSecret=4
12:29:32 INF building constraint builder nbConstraints=222972
Now measure latency of baseline--update-load-prove-gaussian...
baseline--update-load-prove-gaussian takes 69076174 ns
{"baseline":{"issue-credential":327344,"request-join":8260200,"sign":55161315,"update-load-prove-gaussian":69076174,"update-load-prove-proportional":72985879,"update-load-prove-uniform":70385899,"update-load-verif
y-proportional":6153431,"update-load-verify-uniform":7965951,"update-precomputes-proportional":54732668,"update-precomputes-uniform":50736229,"update-req-proportional":539322272,"update-req-uniform":527517810,"upd
ate-verify-proportional":3151247,"update-verify-uniform":2250865,"verify":2009489,"verify-joinreq":3553697},"env":{"baseNymNum":30000,"basePeriodNum":30,"count":20,"end":1776310179316723413}}

Now measure latency of baseline--update-load-verify-gaussian...
baseline--update-load-verify-gaussian takes 8198913 ns
{"baseline":{"issue-credential":327344,"request-join":8260200,"sign":55161315,"update-load-prove-gaussian":69076174,"update-load-prove-proportional":72985879,"update-load-prove-uniform":70385899,"update-load-verif
y-gaussian":8198913,"update-load-verify-proportional":6153431,"update-load-verify-uniform":7965951,"update-precomputes-proportional":54732668,"update-precomputes-uniform":50736229,"update-req-proportional":5393222
72,"update-req-uniform":527517810,"update-verify-proportional":3151247,"update-verify-uniform":2250865,"verify":2009489,"verify-joinreq":3553697},"env":{"baseNymNum":30000,"basePeriodNum":30,"count":20,"end":17763
10179530602607}}

Now measure latency of baseline--update-req-gaussian...
12:29:39 DBG constraint system solver done nbConstraints=222972 took=61.984776
12:29:40 DBG prover done acceleration=none backend=groth16 curve=bls12_381 nbConstraints=222972 took=458.987147
12:29:40 DBG constraint system solver done nbConstraints=222972 took=51.603111
12:29:40 DBG prover done acceleration=none backend=groth16 curve=bls12_381 nbConstraints=222972 took=479.61009
12:29:40 DBG constraint system solver done nbConstraints=222972 took=47.753685
12:29:41 DBG prover done acceleration=none backend=groth16 curve=bls12_381 nbConstraints=222972 took=466.759472
12:29:41 DBG constraint system solver done nbConstraints=222972 took=65.62527
12:29:41 DBG prover done acceleration=none backend=groth16 curve=bls12_381 nbConstraints=222972 took=493.116541
12:29:41 DBG constraint system solver done nbConstraints=222972 took=44.421535
12:29:42 DBG prover done acceleration=none backend=groth16 curve=bls12_381 nbConstraints=222972 took=483.721227
12:29:42 DBG constraint system solver done nbConstraints=222972 took=42.025196
12:29:42 DBG prover done acceleration=none backend=groth16 curve=bls12_381 nbConstraints=222972 took=466.366069
12:29:42 DBG constraint system solver done nbConstraints=222972 took=42.408052
12:29:43 DBG prover done acceleration=none backend=groth16 curve=bls12_381 nbConstraints=222972 took=443.546301
12:29:43 DBG constraint system solver done nbConstraints=222972 took=54.264452
12:29:43 DBG prover done acceleration=none backend=groth16 curve=bls12_381 nbConstraints=222972 took=471.473808
12:29:43 DBG constraint system solver done nbConstraints=222972 took=52.403255
12:29:44 DBG prover done acceleration=none backend=groth16 curve=bls12_381 nbConstraints=222972 took=476.416462
12:29:44 DBG constraint system solver done nbConstraints=222972 took=50.587212
12:29:44 DBG prover done acceleration=none backend=groth16 curve=bls12_381 nbConstraints=222972 took=468.906515
12:29:44 DBG constraint system solver done nbConstraints=222972 took=62.389907
12:29:45 DBG prover done acceleration=none backend=groth16 curve=bls12_381 nbConstraints=222972 took=465.510896
12:29:45 DBG constraint system solver done nbConstraints=222972 took=48.021967
12:29:45 DBG prover done acceleration=none backend=groth16 curve=bls12_381 nbConstraints=222972 took=448.798182
12:29:45 DBG constraint system solver done nbConstraints=222972 took=59.02348
12:29:46 DBG prover done acceleration=none backend=groth16 curve=bls12_381 nbConstraints=222972 took=454.15046
12:29:46 DBG constraint system solver done nbConstraints=222972 took=60.076281
12:29:46 DBG prover done acceleration=none backend=groth16 curve=bls12_381 nbConstraints=222972 took=438.072151
12:29:46 DBG constraint system solver done nbConstraints=222972 took=48.079689
12:29:47 DBG prover done acceleration=none backend=groth16 curve=bls12_381 nbConstraints=222972 took=452.169687
12:29:47 DBG constraint system solver done nbConstraints=222972 took=48.051031
12:29:47 DBG prover done acceleration=none backend=groth16 curve=bls12_381 nbConstraints=222972 took=458.917628
12:29:48 DBG constraint system solver done nbConstraints=222972 took=65.364699
12:29:48 DBG prover done acceleration=none backend=groth16 curve=bls12_381 nbConstraints=222972 took=447.049889
12:29:48 DBG constraint system solver done nbConstraints=222972 took=43.445497
12:29:48 DBG prover done acceleration=none backend=groth16 curve=bls12_381 nbConstraints=222972 took=438.896171
12:29:49 DBG constraint system solver done nbConstraints=222972 took=59.406664
12:29:49 DBG prover done acceleration=none backend=groth16 curve=bls12_381 nbConstraints=222972 took=460.492544
12:29:49 DBG constraint system solver done nbConstraints=222972 took=52.459259
12:29:50 DBG prover done acceleration=none backend=groth16 curve=bls12_381 nbConstraints=222972 took=442.756213
baseline--update-req-gaussian takes 522595129 ns
{"baseline":{"issue-credential":327344,"request-join":8260200,"sign":55161315,"update-load-prove-gaussian":69076174,"update-load-prove-proportional":72985879,"update-load-prove-uniform":70385899,"update-load-verif
y-gaussian":8198913,"update-load-verify-proportional":6153431,"update-load-verify-uniform":7965951,"update-precomputes-proportional":54732668,"update-precomputes-uniform":50736229,"update-req-gaussian":522595129,"
update-req-proportional":539322272,"update-req-uniform":527517810,"update-verify-proportional":3151247,"update-verify-uniform":2250865,"verify":2009489,"verify-joinreq":3553697},"env":{"baseNymNum":30000,"basePeri
odNum":30,"count":20,"end":1776310190019315923}}

12:29:50 DBG constraint system solver done nbConstraints=222972 took=59.349949
12:29:50 DBG prover done acceleration=none backend=groth16 curve=bls12_381 nbConstraints=222972 took=470.881809
Now measure latency of baseline--update-precomputes-gaussian...
baseline--update-precomputes-gaussian takes 53177785 ns
{"baseline":{"issue-credential":327344,"request-join":8260200,"sign":55161315,"update-load-prove-gaussian":69076174,"update-load-prove-proportional":72985879,"update-load-prove-uniform":70385899,"update-load-verif
y-gaussian":8198913,"update-load-verify-proportional":6153431,"update-load-verify-uniform":7965951,"update-precomputes-gaussian":53177785,"update-precomputes-proportional":54732668,"update-precomputes-uniform":507
36229,"update-req-gaussian":522595129,"update-req-proportional":539322272,"update-req-uniform":527517810,"update-verify-proportional":3151247,"update-verify-uniform":2250865,"verify":2009489,"verify-joinreq":35536
97},"env":{"baseNymNum":30000,"basePeriodNum":30,"count":20,"end":1776310191649335476}}

Now measure latency of baseline--update-verify-gaussian...
baseline--update-verify-gaussian takes 2177700 ns
{"baseline":{"issue-credential":327344,"request-join":8260200,"sign":55161315,"update-load-prove-gaussian":69076174,"update-load-prove-proportional":72985879,"update-load-prove-uniform":70385899,"update-load-verif
y-gaussian":8198913,"update-load-verify-proportional":6153431,"update-load-verify-uniform":7965951,"update-precomputes-gaussian":53177785,"update-precomputes-proportional":54732668,"update-precomputes-uniform":507
36229,"update-req-gaussian":522595129,"update-req-proportional":539322272,"update-req-uniform":527517810,"update-verify-gaussian":2177700,"update-verify-proportional":3151247,"update-verify-uniform":2250865,"verif
y":2009489,"verify-joinreq":3553697},"env":{"baseNymNum":30000,"basePeriodNum":30,"count":20,"end":1776310191756524742}}

{"baseline":{"issue-credential":327344,"request-join":8260200,"sign":55161315,"update-load-prove-gaussian":69076174,"update-load-prove-proportional":72985879,"update-load-prove-uniform":70385899,"update-load-verif
y-gaussian":8198913,"update-load-verify-proportional":6153431,"update-load-verify-uniform":7965951,"update-precomputes-gaussian":53177785,"update-precomputes-proportional":54732668,"update-precomputes-uniform":507
36229,"update-req-gaussian":522595129,"update-req-proportional":539322272,"update-req-uniform":527517810,"update-verify-gaussian":2177700,"update-verify-proportional":3151247,"update-verify-uniform":2250865,"verif
y":2009489,"verify-joinreq":3553697},"env":{"baseNymNum":30000,"basePeriodNum":30,"count":20,"end":1776310191756672239}}
ok
